------------------------------------------------------------
TimeQuest Timing Analyzer Summary
------------------------------------------------------------

Type  : Slow 1200mV 85C Model Setup 'IP_Init|altpll_component|auto_generated|pll1|clk[0]'
Slack : -2.157
TNS   : -8.075

Type  : Slow 1200mV 85C Model Hold 'IP_Init|altpll_component|auto_generated|pll1|clk[0]'
Slack : 0.385
TNS   : 0.000

Type  : Slow 1200mV 85C Model Minimum Pulse Width 'IP_Init|altpll_component|auto_generated|pll1|clk[0]'
Slack : 1.974
TNS   : 0.000

Type  : Slow 1200mV 85C Model Minimum Pulse Width 'CLK_50M_i'
Slack : 9.819
TNS   : 0.000

Type  : Slow 1200mV 0C Model Setup 'IP_Init|altpll_component|auto_generated|pll1|clk[0]'
Slack : -1.527
TNS   : -4.466

Type  : Slow 1200mV 0C Model Hold 'IP_Init|altpll_component|auto_generated|pll1|clk[0]'
Slack : 0.338
TNS   : 0.000

Type  : Slow 1200mV 0C Model Minimum Pulse Width 'IP_Init|altpll_component|auto_generated|pll1|clk[0]'
Slack : 1.964
TNS   : 0.000

Type  : Slow 1200mV 0C Model Minimum Pulse Width 'CLK_50M_i'
Slack : 9.799
TNS   : 0.000

Type  : Fast 1200mV 0C Model Setup 'IP_Init|altpll_component|auto_generated|pll1|clk[0]'
Slack : 1.278
TNS   : 0.000

Type  : Fast 1200mV 0C Model Hold 'IP_Init|altpll_component|auto_generated|pll1|clk[0]'
Slack : 0.173
TNS   : 0.000

Type  : Fast 1200mV 0C Model Minimum Pulse Width 'IP_Init|altpll_component|auto_generated|pll1|clk[0]'
Slack : 2.045
TNS   : 0.000

Type  : Fast 1200mV 0C Model Minimum Pulse Width 'CLK_50M_i'
Slack : 9.400
TNS   : 0.000

------------------------------------------------------------
